{"values":{"name":"a","f":true,"tag":["x"],"color":true},"positionals":[],"proto":null}
{"values":{"name":"foo","f":true,"v":[true,true],"tag":["x"],"color":true},"positionals":[],"proto":null}
{"values":{"f":true,"v":[true],"name":"bar","tag":["x"],"color":true},"positionals":[],"proto":null}
{"values":{"tag":["a","b"],"color":true},"positionals":["pos","--name"],"proto":null}
{"values":{"color":false,"tag":["x"]},"positionals":[],"proto":null}
{"name":"TypeError","code":"ERR_PARSE_ARGS_UNKNOWN_OPTION"}
{"name":"TypeError","code":"ERR_PARSE_ARGS_UNKNOWN_OPTION"}
{"name":"TypeError","code":"ERR_PARSE_ARGS_UNKNOWN_OPTION"}
{"name":"TypeError","code":"ERR_PARSE_ARGS_UNEXPECTED_POSITIONAL"}
{"name":"TypeError","code":"ERR_PARSE_ARGS_INVALID_OPTION_VALUE"}
{"name":"TypeError","code":"ERR_PARSE_ARGS_INVALID_OPTION_VALUE"}
{"name":"TypeError","code":"ERR_PARSE_ARGS_INVALID_OPTION_VALUE"}
{"name":"TypeError","code":"ERR_PARSE_ARGS_INVALID_OPTION_VALUE"}
{"values":{"anything":true,"z":true,"q":true},"positionals":["x"],"proto":null}
{"values":{"name":"a","tag":["x"],"color":true},"positionals":["b","c"],"tokens":[{"kind":"option","name":"name","rawName":"--name","index":0,"value":"a","inlineValue":false},{"kind":"positional","index":2,"value":"b"},{"kind":"option-terminator","index":3},{"kind":"positional","index":4,"value":"c"}],"proto":null}
{"values":{"f":true,"v":[true,true],"name":"x","tag":["x"],"color":true},"positionals":[],"tokens":[{"kind":"option","name":"f","rawName":"-f","index":0},{"kind":"option","name":"v","rawName":"-v","index":0},{"kind":"option","name":"v","rawName":"-v","index":0},{"kind":"option","name":"name","rawName":"-n","index":1,"value":"x","inlineValue":true}],"proto":null}
{"values":{},"positionals":[],"proto":null}
{"name":"TypeError","code":"ERR_INVALID_ARG_TYPE"}
{"name":"TypeError","code":"ERR_INVALID_ARG_VALUE"}
{"name":"TypeError","code":"ERR_INVALID_ARG_TYPE"}
{"name":"TypeError","code":"ERR_INVALID_ARG_TYPE"}
{"name":"TypeError","code":"ERR_INVALID_ARG_TYPE"}
